// Jest Snapshot v1, https://goo.gl/fbAQLP

exports[`test Index file renders 1`] = `"{\\"_reactInternalInstance\\":\\"censored\\"}"`;
